// Jest Snapshot v1, https://goo.gl/fbAQLP

exports[`ui/components/atoms/BurgerButton stories Sample matches markup snapshot 1`] = `
<DocumentFragment>
  <button
    aria-expanded="false"
    class="inline-flex items-center p-2 w-10 h-10 justify-center text-sm text-gray-500 rounded-lg md:hidden hover:bg-gray-100 focus:outline-none focus:ring-2 focus:ring-gray-200 dark:text-gray-400 dark:hover:bg-gray-700 dark:focus:ring-gray-600 sc-503ccabd-0"
    type="button"
  >
    <span
      class="sr-only"
    >
      Open main menu
    </span>
    <svg
      aria-hidden="true"
      class="w-5 h-5"
      fill="none"
      viewBox="0 0 17 14"
      xmlns="http://www.w3.org/2000/svg"
    >
      <path
        d="M1 1h15M1 7h15M1 13h15"
        stroke="currentColor"
        stroke-linecap="round"
        stroke-linejoin="round"
        stroke-width="2"
      />
    </svg>
  </button>
</DocumentFragment>
`;
