// Jest Snapshot v1, https://goo.gl/fbAQLP

exports[`ui/views/ContactPage component stories Sample matches markup snapshot 1`] = `
<DocumentFragment>
  <nav
    class="bg-white drop-shadow border-gray-200 dark:bg-gray-900 flex items-center sc-bc212895-0 bDifmG"
  >
    <div
      class="max-w-screen-xl w-full flex flex-wrap items-center justify-between mx-auto p-4"
    >
      <div
        class="h-full flex flex-col items-center justify-center sc-bc212895-1 jDxewz"
      >
        <a
          href="/"
        >
          <span
            class="self-center text-2xl font-semibold whitespace-nowrap dark:text-white"
          >
            John Blossom
          </span>
        </a>
      </div>
      <button
        aria-controls="navbar"
        aria-expanded="false"
        class="inline-flex items-center p-2 w-10 h-10 justify-center text-sm text-gray-500 rounded-lg md:hidden hover:bg-gray-100 focus:outline-none focus:ring-2 focus:ring-gray-200 dark:text-gray-400 dark:hover:bg-gray-700 dark:focus:ring-gray-600 sc-503ccabd-0"
        data-collapse-toggle="navbar"
        type="button"
      >
        <span
          class="sr-only"
        >
          Open main menu
        </span>
        <svg
          aria-hidden="true"
          class="w-5 h-5"
          fill="none"
          viewBox="0 0 17 14"
          xmlns="http://www.w3.org/2000/svg"
        >
          <path
            d="M1 1h15M1 7h15M1 13h15"
            stroke="currentColor"
            stroke-linecap="round"
            stroke-linejoin="round"
            stroke-width="2"
          />
        </svg>
      </button>
      <div
        class="w-full md:block md:w-auto flex flex-row justify-end items-end"
        id="navbar"
      >
        <ul
          class="font-medium hidden flex-col gap-0 p-0 md:p-0 mt-0 absolute top-16 right-0 border border-gray-100 rounded-lg bg-gray-50 md:flex md:flex-row md:relative md:top-0 md:space-x-1 md:mt-0 md:border-0 md:bg-white dark:bg-gray-800 dark:border-gray-700 md:dark:bg-gray-900 rtl:space-x-reverse"
        >
          <li
            class="sc-bc212895-2 jkHygS"
          >
            <a
              href="/"
            >
              Home
            </a>
          </li>
          <li
            class="sc-bc212895-2 jnYdyq"
          >
            <a
              href="/about"
            >
              About
            </a>
          </li>
          <li
            class="sc-bc212895-2 jnYdyq"
          >
            <a
              href="/skills"
            >
              Skills
            </a>
          </li>
          <li
            class="sc-bc212895-2 jnYdyq"
          >
            <a
              href="/experience"
            >
              Experience
            </a>
          </li>
          <li
            class="sc-bc212895-2 jnYdyq"
          >
            <a
              href="/portfolio"
            >
              Portfolio
            </a>
          </li>
          <li
            class="sc-bc212895-2 jnYdyq"
          >
            <a
              href="/demos"
            >
              Demos
            </a>
          </li>
          <li
            class="sc-bc212895-2 jnYdyq"
          >
            <a
              href="/contact"
            >
              Contact
            </a>
          </li>
          <li
            class="sc-bc212895-2 jnYdyq"
          >
            <a
              href="https://www.linkedin.com/in/jbweb/"
              rel="noreferrer"
              target="_blank"
            >
              <svg
                class="sc-bc212895-3 nZuua"
                fill="currentColor"
                height="1em"
                role="img"
                stroke="currentColor"
                stroke-width="0"
                viewBox="0 0 24 24"
                width="1em"
                xmlns="http://www.w3.org/2000/svg"
              >
                <path
                  d="M20.447 20.452h-3.554v-5.569c0-1.328-.027-3.037-1.852-3.037-1.853 0-2.136 1.445-2.136 2.939v5.667H9.351V9h3.414v1.561h.046c.477-.9 1.637-1.85 3.37-1.85 3.601 0 4.267 2.37 4.267 5.455v6.286zM5.337 7.433c-1.144 0-2.063-.926-2.063-2.065 0-1.138.92-2.063 2.063-2.063 1.14 0 2.064.925 2.064 2.063 0 1.139-.925 2.065-2.064 2.065zm1.782 13.019H3.555V9h3.564v11.452zM22.225 0H1.771C.792 0 0 .774 0 1.729v20.542C0 23.227.792 24 1.771 24h20.451C23.2 24 24 23.227 24 22.271V1.729C24 .774 23.2 0 22.222 0h.003z"
                />
              </svg>
            </a>
          </li>
          <li
            class="sc-bc212895-2 jnYdyq"
          >
            <a
              href="https://wellfound.com/u/jblossom"
              rel="noreferrer"
              target="_blank"
            >
              <svg
                class="sc-bc212895-4 iQDjiC"
                fill="currentColor"
                height="1em"
                role="img"
                stroke="currentColor"
                stroke-width="0"
                viewBox="0 0 24 24"
                width="1em"
                xmlns="http://www.w3.org/2000/svg"
              >
                <path
                  d="M23.998 8.128c.063-1.379-1.612-2.376-2.795-1.664-1.23.598-1.322 2.52-.156 3.234 1.2.862 2.995-.09 2.951-1.57zm0 7.748c.063-1.38-1.612-2.377-2.795-1.665-1.23.598-1.322 2.52-.156 3.234 1.2.863 2.995-.09 2.951-1.57zm-20.5 1.762L0 6.364h3.257l2.066 8.106 2.245-8.106h3.267l2.244 8.106 2.065-8.106h3.257l-3.54 11.274H11.39c-.73-2.713-1.46-5.426-2.188-8.14l-2.233 8.14H3.5z"
                />
              </svg>
            </a>
          </li>
          <li
            class="sc-bc212895-2 jnYdyq"
          >
            <a
              href="https://github.com/jblossomweb"
              rel="noreferrer"
              target="_blank"
            >
              <svg
                class="sc-bc212895-5 dBatzm"
                fill="currentColor"
                height="1em"
                role="img"
                stroke="currentColor"
                stroke-width="0"
                viewBox="0 0 24 24"
                width="1em"
                xmlns="http://www.w3.org/2000/svg"
              >
                <path
                  d="M12 .297c-6.63 0-12 5.373-12 12 0 5.303 3.438 9.8 8.205 11.385.6.113.82-.258.82-.577 0-.285-.01-1.04-.015-2.04-3.338.724-4.042-1.61-4.042-1.61C4.422 18.07 3.633 17.7 3.633 17.7c-1.087-.744.084-.729.084-.729 1.205.084 1.838 1.236 1.838 1.236 1.07 1.835 2.809 1.305 3.495.998.108-.776.417-1.305.76-1.605-2.665-.3-5.466-1.332-5.466-5.93 0-1.31.465-2.38 1.235-3.22-.135-.303-.54-1.523.105-3.176 0 0 1.005-.322 3.3 1.23.96-.267 1.98-.399 3-.405 1.02.006 2.04.138 3 .405 2.28-1.552 3.285-1.23 3.285-1.23.645 1.653.24 2.873.12 3.176.765.84 1.23 1.91 1.23 3.22 0 4.61-2.805 5.625-5.475 5.92.42.36.81 1.096.81 2.22 0 1.606-.015 2.896-.015 3.286 0 .315.21.69.825.57C20.565 22.092 24 17.592 24 12.297c0-6.627-5.373-12-12-12"
                />
              </svg>
            </a>
          </li>
        </ul>
      </div>
    </div>
  </nav>
  <main
    class="min-h-screen px-0 py-16 flex flex-col justify-center items-center text-center sc-7855648a-0 kiLTo"
  >
    <div
      class=""
    >
      Contact Page
    </div>
  </main>
</DocumentFragment>
`;
