// Jest Snapshot v1, https://goo.gl/fbAQLP

exports[`ui/views/HomePage component stories Sample matches markup snapshot 1`] = `
<DocumentFragment>
  <nav
    class="bg-white drop-shadow border-gray-200 dark:bg-gray-900 flex items-center sc-bc212895-0 bDifmG"
  >
    <div
      class="max-w-screen-xl w-full flex flex-wrap items-center justify-between mx-auto p-4"
    >
      <div
        class="h-full flex flex-col items-center justify-center sc-bc212895-1 jDxewz"
      >
        <a
          href="/"
        >
          <span
            class="self-center text-2xl font-semibold whitespace-nowrap dark:text-white"
          >
            John Blossom
          </span>
        </a>
      </div>
      <button
        aria-controls="navbar"
        aria-expanded="false"
        class="inline-flex items-center p-2 w-10 h-10 justify-center text-sm text-gray-500 rounded-lg md:hidden hover:bg-gray-100 focus:outline-none focus:ring-2 focus:ring-gray-200 dark:text-gray-400 dark:hover:bg-gray-700 dark:focus:ring-gray-600 sc-503ccabd-0"
        data-collapse-toggle="navbar"
        type="button"
      >
        <span
          class="sr-only"
        >
          Open main menu
        </span>
        <svg
          aria-hidden="true"
          class="w-5 h-5"
          fill="none"
          viewBox="0 0 17 14"
          xmlns="http://www.w3.org/2000/svg"
        >
          <path
            d="M1 1h15M1 7h15M1 13h15"
            stroke="currentColor"
            stroke-linecap="round"
            stroke-linejoin="round"
            stroke-width="2"
          />
        </svg>
      </button>
      <div
        class="w-full md:block md:w-auto flex flex-row justify-end items-end"
        id="navbar"
      >
        <ul
          class="font-medium hidden flex-col gap-0 p-0 md:p-0 mt-0 absolute top-16 right-0 border border-gray-100 rounded-lg bg-gray-50 md:flex md:flex-row md:relative md:top-0 md:space-x-1 md:mt-0 md:border-0 md:bg-white dark:bg-gray-800 dark:border-gray-700 md:dark:bg-gray-900 rtl:space-x-reverse"
        >
          <li
            class="sc-bc212895-2 jkHygS"
          >
            <a
              href="/"
            >
              Home
            </a>
          </li>
          <li
            class="sc-bc212895-2 jnYdyq"
          >
            <a
              href="/about"
            >
              About
            </a>
          </li>
          <li
            class="sc-bc212895-2 jnYdyq"
          >
            <a
              href="/skills"
            >
              Skills
            </a>
          </li>
          <li
            class="sc-bc212895-2 jnYdyq"
          >
            <a
              href="/experience"
            >
              Experience
            </a>
          </li>
          <li
            class="sc-bc212895-2 jnYdyq"
          >
            <a
              href="/portfolio"
            >
              Portfolio
            </a>
          </li>
          <li
            class="sc-bc212895-2 jnYdyq"
          >
            <a
              href="/demos"
            >
              Demos
            </a>
          </li>
          <li
            class="sc-bc212895-2 jnYdyq"
          >
            <a
              href="/contact"
            >
              Contact
            </a>
          </li>
          <li
            class="sc-bc212895-2 jnYdyq"
          >
            <a
              href="https://www.linkedin.com/in/jbweb/"
              rel="noreferrer"
              target="_blank"
            >
              <svg
                class="sc-bc212895-3 nZuua"
                fill="currentColor"
                height="1em"
                role="img"
                stroke="currentColor"
                stroke-width="0"
                viewBox="0 0 24 24"
                width="1em"
                xmlns="http://www.w3.org/2000/svg"
              >
                <path
                  d="M20.447 20.452h-3.554v-5.569c0-1.328-.027-3.037-1.852-3.037-1.853 0-2.136 1.445-2.136 2.939v5.667H9.351V9h3.414v1.561h.046c.477-.9 1.637-1.85 3.37-1.85 3.601 0 4.267 2.37 4.267 5.455v6.286zM5.337 7.433c-1.144 0-2.063-.926-2.063-2.065 0-1.138.92-2.063 2.063-2.063 1.14 0 2.064.925 2.064 2.063 0 1.139-.925 2.065-2.064 2.065zm1.782 13.019H3.555V9h3.564v11.452zM22.225 0H1.771C.792 0 0 .774 0 1.729v20.542C0 23.227.792 24 1.771 24h20.451C23.2 24 24 23.227 24 22.271V1.729C24 .774 23.2 0 22.222 0h.003z"
                />
              </svg>
            </a>
          </li>
          <li
            class="sc-bc212895-2 jnYdyq"
          >
            <a
              href="https://wellfound.com/u/jblossom"
              rel="noreferrer"
              target="_blank"
            >
              <svg
                class="sc-bc212895-4 iQDjiC"
                fill="currentColor"
                height="1em"
                role="img"
                stroke="currentColor"
                stroke-width="0"
                viewBox="0 0 24 24"
                width="1em"
                xmlns="http://www.w3.org/2000/svg"
              >
                <path
                  d="M23.998 8.128c.063-1.379-1.612-2.376-2.795-1.664-1.23.598-1.322 2.52-.156 3.234 1.2.862 2.995-.09 2.951-1.57zm0 7.748c.063-1.38-1.612-2.377-2.795-1.665-1.23.598-1.322 2.52-.156 3.234 1.2.863 2.995-.09 2.951-1.57zm-20.5 1.762L0 6.364h3.257l2.066 8.106 2.245-8.106h3.267l2.244 8.106 2.065-8.106h3.257l-3.54 11.274H11.39c-.73-2.713-1.46-5.426-2.188-8.14l-2.233 8.14H3.5z"
                />
              </svg>
            </a>
          </li>
          <li
            class="sc-bc212895-2 jnYdyq"
          >
            <a
              href="https://github.com/jblossomweb"
              rel="noreferrer"
              target="_blank"
            >
              <svg
                class="sc-bc212895-5 dBatzm"
                fill="currentColor"
                height="1em"
                role="img"
                stroke="currentColor"
                stroke-width="0"
                viewBox="0 0 24 24"
                width="1em"
                xmlns="http://www.w3.org/2000/svg"
              >
                <path
                  d="M12 .297c-6.63 0-12 5.373-12 12 0 5.303 3.438 9.8 8.205 11.385.6.113.82-.258.82-.577 0-.285-.01-1.04-.015-2.04-3.338.724-4.042-1.61-4.042-1.61C4.422 18.07 3.633 17.7 3.633 17.7c-1.087-.744.084-.729.084-.729 1.205.084 1.838 1.236 1.838 1.236 1.07 1.835 2.809 1.305 3.495.998.108-.776.417-1.305.76-1.605-2.665-.3-5.466-1.332-5.466-5.93 0-1.31.465-2.38 1.235-3.22-.135-.303-.54-1.523.105-3.176 0 0 1.005-.322 3.3 1.23.96-.267 1.98-.399 3-.405 1.02.006 2.04.138 3 .405 2.28-1.552 3.285-1.23 3.285-1.23.645 1.653.24 2.873.12 3.176.765.84 1.23 1.91 1.23 3.22 0 4.61-2.805 5.625-5.475 5.92.42.36.81 1.096.81 2.22 0 1.606-.015 2.896-.015 3.286 0 .315.21.69.825.57C20.565 22.092 24 17.592 24 12.297c0-6.627-5.373-12-12-12"
                />
              </svg>
            </a>
          </li>
        </ul>
      </div>
    </div>
  </nav>
  <main
    class="min-h-screen px-0 py-16 flex flex-col justify-center items-center text-center sc-7855648a-0 kiLTo"
  >
    <h1
      class="sc-4f56da5c-0 hLMYnq"
    >
      John Blossom
    </h1>
    <h2
      class="sc-4f56da5c-1 QYvno"
    >
      Senior Frontend Software Engineer
    </h2>
    <div
      class="p-4 flex flex-row justify-center items-center gap-6 text-7xl"
    >
      <svg
        class="sc-ff3bea3e-1 sc-4f56da5c-4 dFuqxg kgyLmj"
        fill="currentColor"
        height="1em"
        role="img"
        stroke="currentColor"
        stroke-width="0"
        viewBox="0 0 24 24"
        width="1em"
        xmlns="http://www.w3.org/2000/svg"
      >
        <path
          d="M1.125 0C.502 0 0 .502 0 1.125v21.75C0 23.498.502 24 1.125 24h21.75c.623 0 1.125-.502 1.125-1.125V1.125C24 .502 23.498 0 22.875 0zm17.363 9.75c.612 0 1.154.037 1.627.111a6.38 6.38 0 0 1 1.306.34v2.458a3.95 3.95 0 0 0-.643-.361 5.093 5.093 0 0 0-.717-.26 5.453 5.453 0 0 0-1.426-.2c-.3 0-.573.028-.819.086a2.1 2.1 0 0 0-.623.242c-.17.104-.3.229-.393.374a.888.888 0 0 0-.14.49c0 .196.053.373.156.529.104.156.252.304.443.444s.423.276.696.41c.273.135.582.274.926.416.47.197.892.407 1.266.628.374.222.695.473.963.753.268.279.472.598.614.957.142.359.214.776.214 1.253 0 .657-.125 1.21-.373 1.656a3.033 3.033 0 0 1-1.012 1.085 4.38 4.38 0 0 1-1.487.596c-.566.12-1.163.18-1.79.18a9.916 9.916 0 0 1-1.84-.164 5.544 5.544 0 0 1-1.512-.493v-2.63a5.033 5.033 0 0 0 3.237 1.2c.333 0 .624-.03.872-.09.249-.06.456-.144.623-.25.166-.108.29-.234.373-.38a1.023 1.023 0 0 0-.074-1.089 2.12 2.12 0 0 0-.537-.5 5.597 5.597 0 0 0-.807-.444 27.72 27.72 0 0 0-1.007-.436c-.918-.383-1.602-.852-2.053-1.405-.45-.553-.676-1.222-.676-2.005 0-.614.123-1.141.369-1.582.246-.441.58-.804 1.004-1.089a4.494 4.494 0 0 1 1.47-.629 7.536 7.536 0 0 1 1.77-.201zm-15.113.188h9.563v2.166H9.506v9.646H6.789v-9.646H3.375z"
        />
      </svg>
      <svg
        class="sc-ff3bea3e-3 sc-4f56da5c-2 bBuGFW kVGqpd"
        fill="currentColor"
        height="1em"
        role="img"
        stroke="currentColor"
        stroke-width="0"
        viewBox="0 0 24 24"
        width="1em"
        xmlns="http://www.w3.org/2000/svg"
      >
        <path
          d="M14.23 12.004a2.236 2.236 0 0 1-2.235 2.236 2.236 2.236 0 0 1-2.236-2.236 2.236 2.236 0 0 1 2.235-2.236 2.236 2.236 0 0 1 2.236 2.236zm2.648-10.69c-1.346 0-3.107.96-4.888 2.622-1.78-1.653-3.542-2.602-4.887-2.602-.41 0-.783.093-1.106.278-1.375.793-1.683 3.264-.973 6.365C1.98 8.917 0 10.42 0 12.004c0 1.59 1.99 3.097 5.043 4.03-.704 3.113-.39 5.588.988 6.38.32.187.69.275 1.102.275 1.345 0 3.107-.96 4.888-2.624 1.78 1.654 3.542 2.603 4.887 2.603.41 0 .783-.09 1.106-.275 1.374-.792 1.683-3.263.973-6.365C22.02 15.096 24 13.59 24 12.004c0-1.59-1.99-3.097-5.043-4.032.704-3.11.39-5.587-.988-6.38-.318-.184-.688-.277-1.092-.278zm-.005 1.09v.006c.225 0 .406.044.558.127.666.382.955 1.835.73 3.704-.054.46-.142.945-.25 1.44-.96-.236-2.006-.417-3.107-.534-.66-.905-1.345-1.727-2.035-2.447 1.592-1.48 3.087-2.292 4.105-2.295zm-9.77.02c1.012 0 2.514.808 4.11 2.28-.686.72-1.37 1.537-2.02 2.442-1.107.117-2.154.298-3.113.538-.112-.49-.195-.964-.254-1.42-.23-1.868.054-3.32.714-3.707.19-.09.4-.127.563-.132zm4.882 3.05c.455.468.91.992 1.36 1.564-.44-.02-.89-.034-1.345-.034-.46 0-.915.01-1.36.034.44-.572.895-1.096 1.345-1.565zM12 8.1c.74 0 1.477.034 2.202.093.406.582.802 1.203 1.183 1.86.372.64.71 1.29 1.018 1.946-.308.655-.646 1.31-1.013 1.95-.38.66-.773 1.288-1.18 1.87-.728.063-1.466.098-2.21.098-.74 0-1.477-.035-2.202-.093-.406-.582-.802-1.204-1.183-1.86-.372-.64-.71-1.29-1.018-1.946.303-.657.646-1.313 1.013-1.954.38-.66.773-1.286 1.18-1.868.728-.064 1.466-.098 2.21-.098zm-3.635.254c-.24.377-.48.763-.704 1.16-.225.39-.435.782-.635 1.174-.265-.656-.49-1.31-.676-1.947.64-.15 1.315-.283 2.015-.386zm7.26 0c.695.103 1.365.23 2.006.387-.18.632-.405 1.282-.66 1.933-.2-.39-.41-.783-.64-1.174-.225-.392-.465-.774-.705-1.146zm3.063.675c.484.15.944.317 1.375.498 1.732.74 2.852 1.708 2.852 2.476-.005.768-1.125 1.74-2.857 2.475-.42.18-.88.342-1.355.493-.28-.958-.646-1.956-1.1-2.98.45-1.017.81-2.01 1.085-2.964zm-13.395.004c.278.96.645 1.957 1.1 2.98-.45 1.017-.812 2.01-1.086 2.964-.484-.15-.944-.318-1.37-.5-1.732-.737-2.852-1.706-2.852-2.474 0-.768 1.12-1.742 2.852-2.476.42-.18.88-.342 1.356-.494zm11.678 4.28c.265.657.49 1.312.676 1.948-.64.157-1.316.29-2.016.39.24-.375.48-.762.705-1.158.225-.39.435-.788.636-1.18zm-9.945.02c.2.392.41.783.64 1.175.23.39.465.772.705 1.143-.695-.102-1.365-.23-2.006-.386.18-.63.406-1.282.66-1.933zM17.92 16.32c.112.493.2.968.254 1.423.23 1.868-.054 3.32-.714 3.708-.147.09-.338.128-.563.128-1.012 0-2.514-.807-4.11-2.28.686-.72 1.37-1.536 2.02-2.44 1.107-.118 2.154-.3 3.113-.54zm-11.83.01c.96.234 2.006.415 3.107.532.66.905 1.345 1.727 2.035 2.446-1.595 1.483-3.092 2.295-4.11 2.295-.22-.005-.406-.05-.553-.132-.666-.38-.955-1.834-.73-3.703.054-.46.142-.944.25-1.438zm4.56.64c.44.02.89.034 1.345.034.46 0 .915-.01 1.36-.034-.44.572-.895 1.095-1.345 1.565-.455-.47-.91-.993-1.36-1.565z"
        />
      </svg>
      <svg
        class="sc-ff3bea3e-4 sc-4f56da5c-3 gxWUPw dECPeo"
        fill="currentColor"
        height="1em"
        role="img"
        stroke="currentColor"
        stroke-width="0"
        viewBox="0 0 24 24"
        width="1em"
        xmlns="http://www.w3.org/2000/svg"
      >
        <path
          d="M16.634 16.504c.87-.075 1.543-.84 1.5-1.754-.047-.914-.796-1.648-1.709-1.648h-.061a1.71 1.71 0 00-1.648 1.769c.03.479.226.869.494 1.153-1.048 2.038-2.621 3.536-5.005 4.795-1.603.838-3.296 1.154-4.944.93-1.378-.195-2.456-.81-3.116-1.799-.988-1.499-1.078-3.116-.255-4.734.6-1.17 1.499-2.023 2.099-2.443a9.96 9.96 0 01-.42-1.543C-.868 14.408-.416 18.752.932 20.805c1.004 1.498 3.057 2.456 5.304 2.456.6 0 1.23-.044 1.843-.194 3.897-.749 6.848-3.086 8.541-6.532zm5.348-3.746c-2.32-2.728-5.738-4.226-9.634-4.226h-.51c-.253-.554-.837-.899-1.498-.899h-.045c-.943 0-1.678.81-1.647 1.753.03.898.794 1.648 1.708 1.648h.074a1.69 1.69 0 001.499-1.049h.555c2.309 0 4.495.674 6.488 1.992 1.527 1.005 2.622 2.323 3.237 3.897.538 1.288.509 2.547-.045 3.597-.855 1.647-2.294 2.517-4.196 2.517-1.199 0-2.367-.375-2.967-.644-.36.298-.96.793-1.394 1.093 1.318.598 2.652.943 3.94.943 2.922 0 5.094-1.647 5.919-3.236.898-1.798.824-4.824-1.47-7.416zM6.49 17.042c.03.899.793 1.648 1.708 1.648h.06a1.688 1.688 0 001.648-1.768c0-.9-.779-1.647-1.693-1.647h-.06c-.06 0-.15 0-.226.029-1.243-2.098-1.768-4.347-1.572-6.772.12-1.828.72-3.417 1.797-4.735.9-1.124 2.593-1.68 3.747-1.708 3.236-.061 4.585 3.971 4.689 5.574l1.498.45C17.741 3.197 14.686.62 11.764.62 9.02.62 6.49 2.613 5.47 5.535 4.077 9.43 4.991 13.177 6.7 16.174c-.15.195-.24.539-.21.868z"
        />
      </svg>
      <svg
        class="sc-ff3bea3e-5 sc-4f56da5c-5 ijocTv gXlQHu"
        fill="currentColor"
        height="1em"
        role="img"
        stroke="currentColor"
        stroke-width="0"
        viewBox="0 0 24 24"
        width="1em"
        xmlns="http://www.w3.org/2000/svg"
      >
        <path
          d="M18.665 21.978C16.758 23.255 14.465 24 12 24 5.377 24 0 18.623 0 12S5.377 0 12 0s12 5.377 12 12c0 3.583-1.574 6.801-4.067 9.001L9.219 7.2H7.2v9.596h1.615V9.251l9.85 12.727Zm-3.332-8.533 1.6 2.061V7.2h-1.6v6.245Z"
        />
      </svg>
    </div>
  </main>
</DocumentFragment>
`;
